---
source: crates/cyrs-syntax/tests/syntax_snapshots.rs
expression: "format_with_errors(\"RETURN [x IN [1, 2, 3]]\")"
---
SOURCE_FILE@0..23
  STATEMENT@0..23
    RETURN_CLAUSE@0..23
      RETURN_KW@0..6 "RETURN"
      RETURN_BODY@6..23
        RETURN_ITEMS@6..23
          RETURN_ITEM@6..23
            LIST_COMPREHENSION@6..23
              WHITESPACE@6..7 " "
              L_BRACK@7..8 "["
              NAME@8..9
                IDENT@8..9 "x"
              WHITESPACE@9..10 " "
              IN_KW@10..12 "IN"
              LIST_LITERAL@12..22
                WHITESPACE@12..13 " "
                L_BRACK@13..14 "["
                LITERAL_EXPR@14..15
                  INT_LITERAL@14..15 "1"
                COMMA@15..16 ","
                LITERAL_EXPR@16..18
                  WHITESPACE@16..17 " "
                  INT_LITERAL@17..18 "2"
                COMMA@18..19 ","
                LITERAL_EXPR@19..21
                  WHITESPACE@19..20 " "
                  INT_LITERAL@20..21 "3"
                R_BRACK@21..22 "]"
              R_BRACK@22..23 "]"
