---
source: crates/cyrs-plan/tests/serde_pretty.rs
expression: "serde_json::to_value(&plan).unwrap()"
---
{
  "ops": [],
  "var_map": [],
  "write_ops": [
    {
      "bind": 0,
      "labels": [
        "Person"
      ],
      "op": "create_node",
      "props": {
        "entries": [
          [
            "name",
            {
              "kind": "str",
              "value": "Alice"
            }
          ]
        ],
        "kind": "map"
      }
    }
  ]
}
