---
source: crates/cypher-syntax/tests/syntax_snapshots.rs
assertion_line: 261
expression: "format_with_errors(\"MATCH (n) RETURN n.name\")"
---
SOURCE_FILE@0..23
  STATEMENT@0..23
    MATCH_CLAUSE@0..9
      MATCH_KW@0..5 "MATCH"
      PATTERN@5..9
        PATTERN_PART@5..9
          NODE_PATTERN@5..9
            WHITESPACE@5..6 " "
            L_PAREN@6..7 "("
            NAME@7..8
              IDENT@7..8 "n"
            R_PAREN@8..9 ")"
    RETURN_CLAUSE@9..23
      WHITESPACE@9..10 " "
      RETURN_KW@10..16 "RETURN"
      RETURN_BODY@16..23
        RETURN_ITEMS@16..23
          RETURN_ITEM@16..23
            PROP_ACCESS_EXPR@16..23
              VAR_EXPR@16..18
                WHITESPACE@16..17 " "
                IDENT@17..18 "n"
              DOT@18..19 "."
              IDENT@19..23 "name"
