---
source: crates/cypher-sema/tests/sema_diag.rs
expression: "render_diags(src, \"e2007_node_in_arithmetic.cypher\")"
---
error[E2007]: variable `n` has kind `Node` but is used in an arithmetic expression; only `Value` variables are valid here
  ┌─ e2007_node_in_arithmetic.cypher:1:1
  │
1 │ MATCH (n) RETURN n + 1
  │ ^

error[E2009]: arithmetic operand must be numeric (`Int`, `Float`, or `Num`) but found `Node`
  ┌─ e2007_node_in_arithmetic.cypher:1:1
  │
1 │ MATCH (n) RETURN n + 1
  │ ^
